Please enter number of rows:
3
Please enter number of columns:
4
Please enter game duration in seconds and max number of moves:
0 10
Please enter the board:
OBRORFORBAOR

We are all set. Total time: 0 sec
Max number of allowed moves: 10 moves
Press Enter key when you are ready...

Current Board:
* B R *
R F * R
B A * R
Moves:
10 moves left, please enter your move:
7 0 U
Time's up. Game Over!
