Please enter number of rows:
3
Please enter number of columns:
4
Please enter game duration in seconds and max number of moves:
500 7
Please enter the board:
OBRORFORBAOR

We are all set. Total time: 500 sec
Max number of allowed moves: 7 moves
Press Enter key when you are ready...

Current Board:
* B R *
R F * R
B A * R
Moves:
7 moves left, please enter your move:
2 1 R

Current Board:
* B R *
R F * R
B * A R
Moves: (2,1,R)
6 moves left, please enter your move:
2 2 R

Illegal move. Try again
2 2 L

Current Board:
* B R *
R F * R
B A * R
Moves: (2,1,R)->(2,2,L)
4 moves left, please enter your move:
0 1 U

Illegal move. Try again
2 1 R

Current Board:
* B R *
R F * R
B * A R
Moves: (2,1,R)->(2,2,L)->(2,1,R)
2 moves left, please enter your move:
0 2 D

Current Board:
* B * *
R F R R
B * A R
Moves: (2,1,R)->(2,2,L)->(2,1,R)->(0,2,D)
1 moves left, please enter your move:
0 1 D

Illegal move. Try again
No more moves allowed. Game Over!
